Microchip MPLAB XC8 Compiler V3.10

Linker command line:

-W-3 \
  --edf=C:\Program Files\Microchip\xc8\v3.10\pic\dat\20250813170317_en.msgs \
  -cn -h+dist/default/production\ECU3.X.production.sym \
  --cmf=dist/default/production\ECU3.X.production.cmf -z -Q18F4580 \
  -oC:\Users\moham\AppData\Local\Temp\xcAsbno.0\driver_tmp_3.o \
  --defsym=__MPLAB_BUILD=1 --fixupoverflow=error \
  -Mdist/default/production/ECU3.X.production.map \
  --md=C:\Users\moham\AppData\Local\Temp\xcAsbno.0\driver_tmp_0.dat -E1 \
  -ver=XC8 Compiler -ACODE=00h-03000h -ACONST=00h-03000h \
  -ASMALLCONST=0600h-06FFhx42,03000h-03000h -AMEDIUMCONST=0600h-03000h \
  -ACOMRAM=01h-05Fh -AABS1=00h-05FFh -ABIGRAM=01h-05FFh \
  -ARAM=060h-0FFh,0100h-01FFhx5 -ABANK0=060h-0FFh -ABANK1=0100h-01FFh \
  -ABANK2=0200h-02FFh -ABANK3=0300h-03FFh -ABANK4=0400h-04FFh \
  -ABANK5=0500h-05FFh -ASFR=0D00h-0DFFhx2,0F00h-0F5Fh,0F60h-0FFFh \
  -ABIGSFR=0D00h-0FFFh -ACONFIG=0300000h-030000Dh -AIDLOC=0200000h-0200007h \
  -AEEDATA=0F00000h-0F000FFh -peeprom_data=EEDATA \
  -preset_vec=00h,intcode=8h,intcodelo=18h,sivt_lo,sivt_hi=CODE \
  -ppowerup=CODE,init -pramtop=0600h -psmallconst=SMALLCONST \
  -pmediumconst=MEDIUMCONST -pconst=CONST -AFARRAM=00h-00h \
  -prdata=COMRAM,nvrram=COMRAM,nvbit=COMRAM,rbss=COMRAM,rbit=COMRAM \
  -pfarbss=FARRAM,fardata=FARRAM,nvFARRAM=FARRAM \
  -pintsave_regs=BIGRAM,bigbss=BIGRAM,bigdata=BIGRAM -pbss=RAM \
  -pidata=CODE,irdata=CODE,ibigdata=CODE,ifardata=CODE -prparam=COMRAM \
  C:\Users\moham\AppData\Local\Temp\xcAsbno.0\driver_tmp_9.o \
  dist/default/production\ECU3.X.production.o 

Object code version is 3.11

Machine type is 18F4580



                Name                               Link     Load   Length Selector   Space Scale
C:\Users\moham\AppData\Local\Temp\xcAsbno.0\driver_tmp_9.o
                idloc                            200000   200000        8        0       5
                config                           300000   300000        E        0       4
                init                                  E        E        4        4       0
                reset_vec                             0        0        4        0       0
dist/default/production\ECU3.X.production.o
                intcode                               8        8        6        4       0
                idloc                            200000   200000        8        0       5
                config                           300000   300000        E        0       4
                mediumconst                        2FEA     2FEA       16     17F5       0
                intcode_body                        324      324       48        4       0
                text15                              36C      36C       3C        4       0
                text14                              3E2      3E2       3A        4       0
                text13                              41C      41C       34        4       0
                text12                              512      512        8        4       0
                text11                              4EE      4EE       14        4       0
                text10                              4D8      4D8       16        4       0
                text9                               3A8      3A8       3A        4       0
                text8                               224      224       94        4       0
                text7                               51A      51A        2        4       0
                text6                               2B8      2B8       6C        4       0
                text5                               4B8      4B8       20        4       0
                text4                               130      130       F4        4       0
                text3                               498      498       20        4       0
                text2                               478      478       20        4       0
                text1                                12       12      11E        4       0
                text0                               502      502       10        4       0
                cstackCOMRAM                          2        2       22        2       1
                dataCOMRAM                           28       28        1        2       1
                bssCOMRAM                            24       24        4        2       1
                cinit                               450      450       28        4       0
                idataCOMRAM                        3000     3000        1     3000       0

TOTAL           Name                               Link     Load   Length     Space
        CLASS   CODE           
                intcode                               8        8        6         0
                init                                  E        E        4         0
                reset_vec                             0        0        4         0
                intcode_body                        324      324       48         0
                text15                              36C      36C       3C         0
                text14                              3E2      3E2       3A         0
                text13                              41C      41C       34         0
                text12                              512      512        8         0
                text11                              4EE      4EE       14         0
                text10                              4D8      4D8       16         0
                text9                               3A8      3A8       3A         0
                text8                               224      224       94         0
                text7                               51A      51A        2         0
                text6                               2B8      2B8       6C         0
                text5                               4B8      4B8       20         0
                text4                               130      130       F4         0
                text3                               498      498       20         0
                text2                               478      478       20         0
                text1                                12       12      11E         0
                text0                               502      502       10         0
                cinit                               450      450       28         0
                idataCOMRAM                        3000     3000        1         0

        CLASS   CONST          

        CLASS   SMALLCONST     

        CLASS   MEDIUMCONST    
                mediumconst                        2FEA     2FEA       16         0

        CLASS   COMRAM         
                cstackCOMRAM                          2        2       22         1
                dataCOMRAM                           28       28        1         1
                bssCOMRAM                            24       24        4         1

        CLASS   ABS1           
                abs_s1                                1        1        1         1

        CLASS   BIGRAM         

        CLASS   RAM            

        CLASS   BANK0          

        CLASS   BANK1          

        CLASS   BANK2          

        CLASS   BANK3          

        CLASS   BANK4          

        CLASS   BANK5          

        CLASS   SFR            

        CLASS   BIGSFR         

        CLASS   CONFIG         
                config                           300000   300000        E         4

        CLASS   IDLOC          
                idloc                            200000   200000        8         5

        CLASS   EEDATA         

        CLASS   FARRAM         

        CLASS   HEAP           

        CLASS   STACK          



SEGMENTS        Name                           Load    Length   Top    Selector   Space  Class

                reset_vec                      000000  000004  000004         0       0  CODE    
                cstackCOMRAM                   000002  000027  000029         2       1  COMRAM  
                intcode                        000008  000514  00051C         4       0  CODE    
                mediumconst                    002FEA  000016  003000      17F5       0  MEDIUMCO
                idataCOMRAM                    003000  000001  003001      3000       0  CODE    


UNUSED ADDRESS RANGES

        Name                Unused          Largest block    Delta
        BANK0            000060-0000FF               A0
        BANK1            000100-0001FF              100
        BANK2            000200-0002FF              100
        BANK3            000300-0003FF              100
        BANK4            000400-0004FF              100
        BANK5            000500-0005FF              100
        BIGRAM           000029-0005FF              5D7
        BIGSFR           000D00-000FFF              300
        CODE             000004-000007                4
                         00051C-002FE9             2ACE
        COMRAM           000029-00005F               37
        CONST            000004-000007                4
                         00051C-002FE9             2ACE
        EEDATA           F00000-F000FF              100
        MEDIUMCONST      000600-002FE9             29EA
        RAM              000060-0005FF              100
        SFR              000D00-000FFF              100
        SMALLCONST       000600-002FE9              100

                                  Symbol Table

?_get_msg_id_std                 cstackCOMRAM 000002
_BRG16                           (abs)        007DC3
_BRGCON1                         (abs)        000F70
_BRGCON2                         (abs)        000F71
_BRGCON3                         (abs)        000F72
_BRGH                            (abs)        007D62
_CANCON                          (abs)        000F6F
_CANSTAT                         (abs)        000F6E
_CREN                            (abs)        007D5C
_ECANCON                         (abs)        000F77
_GIE                             (abs)        007F97
_PEIE                            (abs)        007F96
_PORTB                           (abs)        000F81
_PORTC                           (abs)        000F82
_PORTD                           (abs)        000F83
_PSA                             (abs)        007EAB
_RB0                             (abs)        007C08
_RB1                             (abs)        007C09
_RB6                             (abs)        007C0E
_RB7                             (abs)        007C0F
_RC0                             (abs)        007C10
_RC1                             (abs)        007C11
_RC2                             (abs)        007C12
_RCIF                            (abs)        007CF5
_RCREG                           (abs)        000FAE
_RD7                             (abs)        007C1F
_RX9                             (abs)        007D5E
_RXB0CON                         (abs)        000F60
_RXB0CONbits                     (abs)        000F60
_RXB0D0                          (abs)        000F66
_RXB0DLC                         (abs)        000F65
_RXB0FUL                         (abs)        007B07
_RXB0IF                          (abs)        007D20
_RXB0SIDH                        (abs)        000F61
_RXB0SIDL                        (abs)        000F62
_RXFCON0                         (abs)        000DD4
_SENDB                           (abs)        007D63
_SPBRG                           (abs)        000FAF
_SPEN                            (abs)        007D5F
_SYNC                            (abs)        007D64
_T08BIT                          (abs)        007EAE
_T0CS                            (abs)        007EAD
_TMR0                            (abs)        000FD6
_TMR0IE                          (abs)        007F95
_TMR0IF                          (abs)        007F92
_TMR0ON                          (abs)        007EAF
_TRISB                           (abs)        000F93
_TRISB2                          (abs)        007C9A
_TRISB3                          (abs)        007C9B
_TRISC                           (abs)        000F94
_TRISC6                          (abs)        007CA6
_TRISC7                          (abs)        007CA7
_TRISD                           (abs)        000F95
_TRISD7                          (abs)        007CAF
_TX9                             (abs)        007D66
_TXB0D0                          (abs)        000F46
_TXB0DLC                         (abs)        000F45
_TXB0EIDH                        (abs)        000F43
_TXB0EIDL                        (abs)        000F44
_TXB0REQ                         (abs)        007A03
_TXB0SIDH                        (abs)        000F41
_TXB0SIDL                        (abs)        000F42
_TXEN                            (abs)        007D65
_TXIF                            (abs)        007CF4
_TXREG                           (abs)        000FAD
__HRAM                           (abs)        000000
__H__absolute__                  __absolute__ 000000
__Habs1                          abs1         000000
__Hbank0                         bank0        000000
__Hbank1                         bank1        000000
__Hbank2                         bank2        000000
__Hbank3                         bank3        000000
__Hbank4                         bank4        000000
__Hbank5                         bank5        000000
__Hbigbss                        bigbss       000000
__Hbigdata                       bigdata      000000
__Hbigram                        bigram       000000
__Hbigsfr                        bigsfr       000000
__Hbss                           bss          000000
__HbssCOMRAM                     bssCOMRAM    000000
__Hcinit                         cinit        000000
__Hclrtext                       clrtext      000000
__Hcomram                        comram       000000
__Hconfig                        config       30000E
__Hconst                         const        000000
__HcstackCOMRAM                  cstackCOMRAM 000000
__Hdata                          data         000000
__HdataCOMRAM                    dataCOMRAM   000000
__Heeprom_data                   eeprom_data  000000
__Hfarbss                        farbss       000000
__Hfardata                       fardata      000000
__Hheap                          heap         000000
__Hibigdata                      ibigdata     000000
__Hidata                         idata        000000
__HidataCOMRAM                   idataCOMRAM  000000
__Hidloc                         idloc        200008
__Hifardata                      ifardata     000000
__Hinit                          init         000012
__Hintcode                       intcode      00000E
__Hintcode_body                  intcode_body 000000
__Hintcodelo                     intcodelo    000018
__Hintentry                      intentry     000000
__Hintret                        intret       000000
__Hintsave_regs                  intsave_regs 000000
__Hirdata                        irdata       000000
__Hmediumconst                   mediumconst  003000
__HnvFARRAM                      nvFARRAM     000000
__Hnvbit                         nvbit        000000
__Hnvrram                        nvrram       000000
__Hparam                         rparam       000000
__Hpowerup                       powerup      000000
__Hram                           ram          000000
__Hramtop                        ramtop       000600
__Hrbit                          rbit         000000
__Hrbss                          rbss         000000
__Hrdata                         rdata        000000
__Hreset_vec                     reset_vec    000004
__Hrparam                        rparam       000000
__Hsfr                           sfr          000000
__Hsivt_hi                       sivt_hi      000000
__Hsivt_lo                       sivt_lo      000018
__Hsmallconst                    smallconst   000000
__Hspace_0                       (abs)        003001
__Hspace_1                       (abs)        000029
__Hspace_2                       (abs)        000000
__Hspace_4                       (abs)        60000E
__Hstack                         stack        000000
__Hstruct                        struct       000000
__Htemp                          temp         000000
__Htext                          text         000000
__Htext0                         text0        000000
__Htext1                         text1        000000
__Htext10                        text10       000000
__Htext11                        text11       000000
__Htext12                        text12       000000
__Htext13                        text13       000000
__Htext14                        text14       000000
__Htext15                        text15       000000
__Htext2                         text2        000000
__Htext3                         text3        000000
__Htext4                         text4        000000
__Htext5                         text5        000000
__Htext6                         text6        000000
__Htext7                         text7        000000
__Htext8                         text8        000000
__Htext9                         text9        000000
__LRAM                           (abs)        000001
__L__absolute__                  __absolute__ 000000
__Labs1                          abs1         000000
__Lbank0                         bank0        000000
__Lbank1                         bank1        000000
__Lbank2                         bank2        000000
__Lbank3                         bank3        000000
__Lbank4                         bank4        000000
__Lbank5                         bank5        000000
__Lbigbss                        bigbss       000000
__Lbigdata                       bigdata      000000
__Lbigram                        bigram       000000
__Lbigsfr                        bigsfr       000000
__Lbss                           bss          000000
__LbssCOMRAM                     bssCOMRAM    000000
__Lcinit                         cinit        000000
__Lclrtext                       clrtext      000000
__Lcomram                        comram       000000
__Lconfig                        config       000000
__Lconst                         const        000000
__LcstackCOMRAM                  cstackCOMRAM 000000
__Ldata                          data         000000
__LdataCOMRAM                    dataCOMRAM   000000
__Leeprom_data                   eeprom_data  000000
__Lfarbss                        farbss       000000
__Lfardata                       fardata      000000
__Lheap                          heap         000000
__Libigdata                      ibigdata     000000
__Lidata                         idata        000000
__LidataCOMRAM                   idataCOMRAM  000000
__Lidloc                         idloc        000000
__Lifardata                      ifardata     000000
__Linit                          init         00000E
__Lintcode                       intcode      000008
__Lintcode_body                  intcode_body 000000
__Lintcodelo                     intcodelo    000018
__Lintentry                      intentry     000000
__Lintret                        intret       000000
__Lintsave_regs                  intsave_regs 000000
__Lirdata                        irdata       000000
__Lmediumconst                   mediumconst  002FEA
__LnvFARRAM                      nvFARRAM     000000
__Lnvbit                         nvbit        000000
__Lnvrram                        nvrram       000000
__Lparam                         rparam       000000
__Lpowerup                       powerup      000000
__Lram                           ram          000000
__Lramtop                        ramtop       000600
__Lrbit                          rbit         000000
__Lrbss                          rbss         000000
__Lrdata                         rdata        000000
__Lreset_vec                     reset_vec    000000
__Lrparam                        rparam       000000
__Lsfr                           sfr          000000
__Lsivt_hi                       sivt_hi      000000
__Lsivt_lo                       sivt_lo      000018
__Lsmallconst                    smallconst   000000
__Lspace_0                       (abs)        000000
__Lspace_1                       (abs)        000000
__Lspace_2                       (abs)        000000
__Lspace_4                       (abs)        000000
__Lstack                         stack        000000
__Lstruct                        struct       000000
__Ltemp                          temp         000000
__Ltext                          text         000000
__Ltext0                         text0        000000
__Ltext1                         text1        000000
__Ltext10                        text10       000000
__Ltext11                        text11       000000
__Ltext12                        text12       000000
__Ltext13                        text13       000000
__Ltext14                        text14       000000
__Ltext15                        text15       000000
__Ltext2                         text2        000000
__Ltext3                         text3        000000
__Ltext4                         text4        000000
__Ltext5                         text5        000000
__Ltext6                         text6        000000
__Ltext7                         text7        000000
__Ltext8                         text8        000000
__Ltext9                         text9        000000
__S0                             (abs)        003001
__S1                             (abs)        000029
__S4                             (abs)        000000
__S5                             (abs)        000000
___heap_hi                       (abs)        000000
___heap_lo                       (abs)        000000
___inthi_sp                      stack        000000
___inthi_stack_hi                stack        000000
___inthi_stack_lo                stack        000000
___intlo_sp                      stack        000000
___intlo_stack_hi                stack        000000
___intlo_stack_lo                stack        000000
___param_bank                    (abs)        000000
___rparam_used                   (abs)        000001
___sp                            stack        000000
___stack_hi                      stack        000000
___stack_lo                      stack        000000
__accesstop                      (abs)        000060
__activetblptr                   (abs)        000002
__end_of__initialization         cinit        00046A
__end_of_can_receive             text8        0002B8
__end_of_clcd_print              text6        000324
__end_of_clcd_write              text14       00041C
__end_of_get_msg_id_std          text9        0003E2
__end_of_handle_engine_temp_data text7        00051C
__end_of_handle_gear_data        text5        0004D8
__end_of_handle_indicator_data   text4        000224
__end_of_handle_rpm_data         text3        0004B8
__end_of_handle_speed_data       text2        000498
__end_of_init_can                text15       0003A8
__end_of_init_clcd               text13       000450
__end_of_init_config             text10       0004EE
__end_of_init_leds               text12       00051A
__end_of_init_timer0             text11       000502
__end_of_isr                     intcode_body 00036C
__end_of_main                    text0        000512
__end_of_process_canbus_data     text1        000130
__initialization                 cinit        000450
__mediumconst                    mediumconst  002FEA
__pbssCOMRAM                     bssCOMRAM    000024
__pcinit                         cinit        000450
__pcstackCOMRAM                  cstackCOMRAM 000002
__pdataCOMRAM                    dataCOMRAM   000028
__pidataCOMRAM                   idataCOMRAM  003000
__pintcode                       intcode      000008
__pintcode_body                  intcode_body 000324
__pmediumconst                   mediumconst  002FEA
__ptext0                         text0        000502
__ptext1                         text1        000012
__ptext10                        text10       0004D8
__ptext11                        text11       0004EE
__ptext12                        text12       000512
__ptext13                        text13       00041C
__ptext14                        text14       0003E2
__ptext15                        text15       00036C
__ptext2                         text2        000478
__ptext3                         text3        000498
__ptext4                         text4        000130
__ptext5                         text5        0004B8
__ptext6                         text6        0002B8
__ptext7                         text7        00051A
__ptext8                         text8        000224
__ptext9                         text9        0003A8
__ramtop                         ramtop       000600
__smallconst                     mediumconst  002FEA
_can_receive                     text8        000224
_clcd_print                      text6        0002B8
_clcd_write                      text14       0003E2
_get_msg_id_std                  text9        0003A8
_handle_engine_temp_data         text7        00051A
_handle_gear_data                text5        0004B8
_handle_indicator_data           text4        000130
_handle_rpm_data                 text3        000498
_handle_speed_data               text2        000478
_init_can                        text15       00036C
_init_clcd                       text13       00041C
_init_config                     text10       0004D8
_init_leds                       text12       000512
_init_timer0                     text11       0004EE
_isr                             intcode      000008
_main                            text0        000502
_process_canbus_data             text1        000012
_sec                             bssCOMRAM    000026
btemp                            (abs)        000001
btemp0                           (abs)        000001
btemp1                           (abs)        000002
can_receive@data                 cstackCOMRAM 00000B
can_receive@i                    cstackCOMRAM 000012
can_receive@len                  cstackCOMRAM 00000C
can_receive@msg_id               cstackCOMRAM 00000A
can_receive@ptr                  cstackCOMRAM 000010
clcd_print@addr                  cstackCOMRAM 000006
clcd_print@data                  cstackCOMRAM 000004
clcd_write@byte                  cstackCOMRAM 000003
clcd_write@control_bit           cstackCOMRAM 000002
end_of_initialization            cinit        00046A
get_msg_id_std@id                cstackCOMRAM 000008
handle_engine_temp_data@data     cstackCOMRAM 000002
handle_engine_temp_data@len      cstackCOMRAM 000003
handle_gear_data@data            cstackCOMRAM 000007
handle_gear_data@len             cstackCOMRAM 000008
handle_indicator_data@data       cstackCOMRAM 000007
handle_indicator_data@len        cstackCOMRAM 000008
handle_rpm_data@data             cstackCOMRAM 000007
handle_rpm_data@len              cstackCOMRAM 000008
handle_speed_data@data           cstackCOMRAM 000007
handle_speed_data@len            cstackCOMRAM 000008
int$flags                        (abs)        000001
int_func                         intcode_body 000324
intlevel0                        text         000000
intlevel1                        text         000000
intlevel2                        text         000000
intlevel3                        text         000000
isa$std                          (abs)        000001
isa$xinst                        (abs)        000000
isr@count                        bssCOMRAM    000024
process_canbus_data@i            cstackCOMRAM 00001E
process_canbus_data@len          cstackCOMRAM 000022
process_canbus_data@msg_id       cstackCOMRAM 000020
process_canbus_data@str          cstackCOMRAM 000016
read_digital_keypad@once         dataCOMRAM   000028
stackhi                          (abs)        000000
stacklo                          (abs)        000000
start                            init         00000E
start_initialization             cinit        000450


MODULE INFORMATION

Module		Function		Class		Link	Load	Size
message_handler.c
		_handle_gear_data		CODE           	04B8	0000	32
		_handle_speed_data		CODE           	0478	0000	32
		_handle_indicator_data		CODE           	0130	0000	244
		_isr           		CODE           	0008	0000	78
		_handle_rpm_data		CODE           	0498	0000	32
		_process_canbus_data		CODE           	0012	0000	286
		_handle_engine_temp_data		CODE           	051A	0000	2

message_handler.c estimated size: 706

timer0.c
		_init_timer0   		CODE           	04EE	0000	20

timer0.c estimated size: 20

shared
		__initialization		CODE           	0450	0000	26

shared estimated size: 26

clcd.c
		_clcd_write    		CODE           	03E2	0000	58
		_clcd_print    		CODE           	02B8	0000	108
		_init_clcd     		CODE           	041C	0000	52

clcd.c estimated size: 218

can.c
		_init_can      		CODE           	036C	0000	60
		_can_receive   		CODE           	0224	0000	148
		_get_msg_id_std		CODE           	03A8	0000	58

can.c estimated size: 266

main.c
		_init_leds     		CODE           	0512	0000	8
		_main          		CODE           	0502	0000	16
		_init_config   		CODE           	04D8	0000	22

main.c estimated size: 46

