Microchip MPLAB XC8 Compiler V3.10

Linker command line:

-W-3 \
  --edf=C:\Program Files\Microchip\xc8\v3.10\pic\dat\20250813170317_en.msgs \
  -cn -h+dist/default/production\ECU1.X.production.sym \
  --cmf=dist/default/production\ECU1.X.production.cmf -z -Q18F4580 \
  -oC:\Users\moham\AppData\Local\Temp\xcAs9g8.0\driver_tmp_3.o \
  --defsym=__MPLAB_BUILD=1 --fixupoverflow=error \
  -Mdist/default/production/ECU1.X.production.map \
  --md=C:\Users\moham\AppData\Local\Temp\xcAs9g8.0\driver_tmp_0.dat -E1 \
  -ver=XC8 Compiler -ACODE=00h-03000h -ACONST=00h-03000h \
  -ASMALLCONST=0600h-06FFhx42,03000h-03000h -AMEDIUMCONST=0600h-03000h \
  -ACOMRAM=01h-05Fh -AABS1=00h-05FFh -ABIGRAM=01h-05FFh \
  -ARAM=060h-0FFh,0100h-01FFhx5 -ABANK0=060h-0FFh -ABANK1=0100h-01FFh \
  -ABANK2=0200h-02FFh -ABANK3=0300h-03FFh -ABANK4=0400h-04FFh \
  -ABANK5=0500h-05FFh -ASFR=0D00h-0DFFhx2,0F00h-0F5Fh,0F60h-0FFFh \
  -ABIGSFR=0D00h-0FFFh -ACONFIG=0300000h-030000Dh -AIDLOC=0200000h-0200007h \
  -AEEDATA=0F00000h-0F000FFh -peeprom_data=EEDATA \
  -preset_vec=00h,intcode=8h,intcodelo=18h,sivt_lo,sivt_hi=CODE \
  -ppowerup=CODE,init -pramtop=0600h -psmallconst=SMALLCONST \
  -pmediumconst=MEDIUMCONST -pconst=CONST -AFARRAM=00h-00h \
  -prdata=COMRAM,nvrram=COMRAM,nvbit=COMRAM,rbss=COMRAM,rbit=COMRAM \
  -pfarbss=FARRAM,fardata=FARRAM,nvFARRAM=FARRAM \
  -pintsave_regs=BIGRAM,bigbss=BIGRAM,bigdata=BIGRAM -pbss=RAM \
  -pidata=CODE,irdata=CODE,ibigdata=CODE,ifardata=CODE -prparam=COMRAM \
  C:\Users\moham\AppData\Local\Temp\xcAs9g8.0\driver_tmp_9.o \
  dist/default/production\ECU1.X.production.o 

Object code version is 3.11

Machine type is 18F4580



                Name                               Link     Load   Length Selector   Space Scale
C:\Users\moham\AppData\Local\Temp\xcAs9g8.0\driver_tmp_9.o
                idloc                            200000   200000        8        0       5
                config                           300000   300000        E        0       4
                init                               2FFC     2FFC        4     17FE       0
                reset_vec                             0        0        4        0       0
dist/default/production\ECU1.X.production.o
                idloc                            200000   200000        8        0       5
                config                           300000   300000        E        0       4
                smallconst                          600      600        2      300       0
                text14                              B94      B94       3C      301       0
                text13                              A40      A40       6E      301       0
                text12                              95A      95A       74      301       0
                text11                              602      602       F6      301       0
                text10                              6F8      6F8       C0      301       0
                text9                               B12      B12       46      301       0
                text8                               8E2      8E2       78      301       0
                text7                               BEE      BEE       1C      301       0
                text6                               B58      B58       3C      301       0
                text5                               C18      C18        8      301       0
                text4                               C0A      C0A        E      301       0
                text3                               9CE      9CE       72      301       0
                text2                               AAE      AAE       64      301       0
                text1                               860      860       82      301       0
                text0                               7B8      7B8       A8      301       0
                cstackCOMRAM                          1        1       21        1       1
                dataCOMRAM                           22       22        2        1       1
                cinit                               BD0      BD0       1E      301       0
                idataCOMRAM                         C20      C20        2      301       0

TOTAL           Name                               Link     Load   Length     Space
        CLASS   CODE           
                init                               2FFC     2FFC        4         0
                reset_vec                             0        0        4         0
                text14                              B94      B94       3C         0
                text13                              A40      A40       6E         0
                text12                              95A      95A       74         0
                text11                              602      602       F6         0
                text10                              6F8      6F8       C0         0
                text9                               B12      B12       46         0
                text8                               8E2      8E2       78         0
                text7                               BEE      BEE       1C         0
                text6                               B58      B58       3C         0
                text5                               C18      C18        8         0
                text4                               C0A      C0A        E         0
                text3                               9CE      9CE       72         0
                text2                               AAE      AAE       64         0
                text1                               860      860       82         0
                text0                               7B8      7B8       A8         0
                cinit                               BD0      BD0       1E         0
                idataCOMRAM                         C20      C20        2         0

        CLASS   CONST          

        CLASS   SMALLCONST     
                smallconst                          600      600        2         0

        CLASS   MEDIUMCONST    

        CLASS   COMRAM         
                cstackCOMRAM                          1        1       21         1
                dataCOMRAM                           22       22        2         1

        CLASS   ABS1           

        CLASS   BIGRAM         

        CLASS   RAM            

        CLASS   BANK0          

        CLASS   BANK1          

        CLASS   BANK2          

        CLASS   BANK3          

        CLASS   BANK4          

        CLASS   BANK5          

        CLASS   SFR            

        CLASS   BIGSFR         

        CLASS   CONFIG         
                config                           300000   300000        E         4

        CLASS   IDLOC          
                idloc                            200000   200000        8         5

        CLASS   EEDATA         

        CLASS   FARRAM         

        CLASS   HEAP           

        CLASS   STACK          



SEGMENTS        Name                           Load    Length   Top    Selector   Space  Class

                reset_vec                      000000  000004  000004         0       0  CODE    
                cstackCOMRAM                   000001  000023  000024         1       1  COMRAM  
                smallconst                     000600  000002  000602       300       0  SMALLCON
                text11                         000602  000620  000C22       301       0  CODE    
                init                           002FFC  000004  003000      17FE       0  CODE    


UNUSED ADDRESS RANGES

        Name                Unused          Largest block    Delta
        BANK0            000060-0000FF               A0
        BANK1            000100-0001FF              100
        BANK2            000200-0002FF              100
        BANK3            000300-0003FF              100
        BANK4            000400-0004FF              100
        BANK5            000500-0005FF              100
        BIGRAM           000024-0005FF              5DC
        BIGSFR           000D00-000FFF              300
        CODE             000004-0005FF              5FC
                         000C22-002FFB             23DA
                         003000-003000                1
        COMRAM           000024-00005F               3C
        CONST            000004-0005FF              5FC
                         000C22-002FFB             23DA
                         003000-003000                1
        EEDATA           F00000-F000FF              100
        MEDIUMCONST      000C22-002FFB             23DA
                         003000-003000                1
        RAM              000060-0005FF              100
        SFR              000D00-000FFF              100
        SMALLCONST       000C22-002FFB              100
                         003000-003000                1

                                  Symbol Table

?___awdiv                          cstackCOMRAM 000001
?___lwdiv                          cstackCOMRAM 000001
?___lwmod                          cstackCOMRAM 000008
?_get_speed                        cstackCOMRAM 000009
?_read_adc                         cstackCOMRAM 000001
_ACQT0                             (abs)        007E03
_ACQT1                             (abs)        007E04
_ACQT2                             (abs)        007E05
_ADCON0                            (abs)        000FC2
_ADCS0                             (abs)        007E00
_ADCS1                             (abs)        007E01
_ADCS2                             (abs)        007E02
_ADFM                              (abs)        007E07
_ADON                              (abs)        007E10
_ADRESH                            (abs)        000FC4
_ADRESL                            (abs)        000FC3
_BRG16                             (abs)        007DC3
_BRGCON1                           (abs)        000F70
_BRGCON2                           (abs)        000F71
_BRGCON3                           (abs)        000F72
_BRGH                              (abs)        007D62
_CANCON                            (abs)        000F6F
_CANSTAT                           (abs)        000F6E
_CREN                              (abs)        007D5C
_ECANCON                           (abs)        000F77
_GO                                (abs)        007E11
_GODONE                            (abs)        007E11
_PORTC                             (abs)        000F82
_RCIF                              (abs)        007CF5
_RCREG                             (abs)        000FAE
_RX9                               (abs)        007D5E
_RXB0CON                           (abs)        000F60
_RXB0CONbits                       (abs)        000F60
_RXB0D0                            (abs)        000F66
_RXB0DLC                           (abs)        000F65
_RXB0FUL                           (abs)        007B07
_RXB0IF                            (abs)        007D20
_RXB0SIDH                          (abs)        000F61
_RXB0SIDL                          (abs)        000F62
_RXFCON0                           (abs)        000DD4
_SENDB                             (abs)        007D63
_SPBRG                             (abs)        000FAF
_SPEN                              (abs)        007D5F
_SYNC                              (abs)        007D64
_TRISB2                            (abs)        007C9A
_TRISB3                            (abs)        007C9B
_TRISC                             (abs)        000F94
_TRISC6                            (abs)        007CA6
_TRISC7                            (abs)        007CA7
_TX9                               (abs)        007D66
_TXB0D0                            (abs)        000F46
_TXB0DLC                           (abs)        000F45
_TXB0EIDH                          (abs)        000F43
_TXB0EIDL                          (abs)        000F44
_TXB0REQ                           (abs)        007A03
_TXB0SIDH                          (abs)        000F41
_TXB0SIDL                          (abs)        000F42
_TXEN                              (abs)        007D65
_TXIF                              (abs)        007CF4
_TXREG                             (abs)        000FAD
_VCFG0                             (abs)        007E0C
_VCFG1                             (abs)        007E0D
__HRAM                             (abs)        000000
__H__absolute__                    __absolute__ 000000
__Habs1                            abs1         000000
__Hbank0                           bank0        000000
__Hbank1                           bank1        000000
__Hbank2                           bank2        000000
__Hbank3                           bank3        000000
__Hbank4                           bank4        000000
__Hbank5                           bank5        000000
__Hbigbss                          bigbss       000000
__Hbigdata                         bigdata      000000
__Hbigram                          bigram       000000
__Hbigsfr                          bigsfr       000000
__Hbss                             bss          000000
__Hcinit                           cinit        000000
__Hclrtext                         clrtext      000000
__Hcomram                          comram       000000
__Hconfig                          config       30000E
__Hconst                           const        000000
__HcstackCOMRAM                    cstackCOMRAM 000000
__Hdata                            data         000000
__HdataCOMRAM                      dataCOMRAM   000000
__Heeprom_data                     eeprom_data  000000
__Hfarbss                          farbss       000000
__Hfardata                         fardata      000000
__Hheap                            heap         000000
__Hibigdata                        ibigdata     000000
__Hidata                           idata        000000
__HidataCOMRAM                     idataCOMRAM  000000
__Hidloc                           idloc        200008
__Hifardata                        ifardata     000000
__Hinit                            init         003000
__Hintcode                         intcode      000008
__Hintcode_body                    intcode_body 000000
__Hintcodelo                       intcodelo    000018
__Hintentry                        intentry     000000
__Hintret                          intret       000000
__Hintsave_regs                    intsave_regs 000000
__Hirdata                          irdata       000000
__Hmediumconst                     mediumconst  000000
__HnvFARRAM                        nvFARRAM     000000
__Hnvbit                           nvbit        000000
__Hnvrram                          nvrram       000000
__Hparam                           rparam       000000
__Hpowerup                         powerup      000000
__Hram                             ram          000000
__Hramtop                          ramtop       000600
__Hrbit                            rbit         000000
__Hrbss                            rbss         000000
__Hrdata                           rdata        000000
__Hreset_vec                       reset_vec    000004
__Hrparam                          rparam       000000
__Hsfr                             sfr          000000
__Hsivt_hi                         sivt_hi      000000
__Hsivt_lo                         sivt_lo      000018
__Hsmallconst                      smallconst   000602
__Hspace_0                         (abs)        003000
__Hspace_1                         (abs)        000024
__Hspace_2                         (abs)        000000
__Hspace_4                         (abs)        60000E
__Hstack                           stack        000000
__Hstruct                          struct       000000
__Htemp                            temp         000000
__Htext                            text         000000
__Htext0                           text0        000000
__Htext1                           text1        000000
__Htext10                          text10       000000
__Htext11                          text11       000000
__Htext12                          text12       000000
__Htext13                          text13       000000
__Htext14                          text14       000000
__Htext2                           text2        000000
__Htext3                           text3        000000
__Htext4                           text4        000000
__Htext5                           text5        000000
__Htext6                           text6        000000
__Htext7                           text7        000000
__Htext8                           text8        000000
__Htext9                           text9        000000
__LRAM                             (abs)        000001
__L__absolute__                    __absolute__ 000000
__Labs1                            abs1         000000
__Lbank0                           bank0        000000
__Lbank1                           bank1        000000
__Lbank2                           bank2        000000
__Lbank3                           bank3        000000
__Lbank4                           bank4        000000
__Lbank5                           bank5        000000
__Lbigbss                          bigbss       000000
__Lbigdata                         bigdata      000000
__Lbigram                          bigram       000000
__Lbigsfr                          bigsfr       000000
__Lbss                             bss          000000
__Lcinit                           cinit        000000
__Lclrtext                         clrtext      000000
__Lcomram                          comram       000000
__Lconfig                          config       000000
__Lconst                           const        000000
__LcstackCOMRAM                    cstackCOMRAM 000000
__Ldata                            data         000000
__LdataCOMRAM                      dataCOMRAM   000000
__Leeprom_data                     eeprom_data  000000
__Lfarbss                          farbss       000000
__Lfardata                         fardata      000000
__Lheap                            heap         000000
__Libigdata                        ibigdata     000000
__Lidata                           idata        000000
__LidataCOMRAM                     idataCOMRAM  000000
__Lidloc                           idloc        000000
__Lifardata                        ifardata     000000
__Linit                            init         002FFC
__Lintcode                         intcode      000008
__Lintcode_body                    intcode_body 000000
__Lintcodelo                       intcodelo    000018
__Lintentry                        intentry     000000
__Lintret                          intret       000000
__Lintsave_regs                    intsave_regs 000000
__Lirdata                          irdata       000000
__Lmediumconst                     mediumconst  000000
__LnvFARRAM                        nvFARRAM     000000
__Lnvbit                           nvbit        000000
__Lnvrram                          nvrram       000000
__Lparam                           rparam       000000
__Lpowerup                         powerup      000000
__Lram                             ram          000000
__Lramtop                          ramtop       000600
__Lrbit                            rbit         000000
__Lrbss                            rbss         000000
__Lrdata                           rdata        000000
__Lreset_vec                       reset_vec    000000
__Lrparam                          rparam       000000
__Lsfr                             sfr          000000
__Lsivt_hi                         sivt_hi      000000
__Lsivt_lo                         sivt_lo      000018
__Lsmallconst                      smallconst   000600
__Lspace_0                         (abs)        000000
__Lspace_1                         (abs)        000000
__Lspace_2                         (abs)        000000
__Lspace_4                         (abs)        000000
__Lstack                           stack        000000
__Lstruct                          struct       000000
__Ltemp                            temp         000000
__Ltext                            text         000000
__Ltext0                           text0        000000
__Ltext1                           text1        000000
__Ltext10                          text10       000000
__Ltext11                          text11       000000
__Ltext12                          text12       000000
__Ltext13                          text13       000000
__Ltext14                          text14       000000
__Ltext2                           text2        000000
__Ltext3                           text3        000000
__Ltext4                           text4        000000
__Ltext5                           text5        000000
__Ltext6                           text6        000000
__Ltext7                           text7        000000
__Ltext8                           text8        000000
__Ltext9                           text9        000000
__S0                               (abs)        003000
__S1                               (abs)        000024
__S4                               (abs)        000000
__S5                               (abs)        000000
___awdiv                           text10       0006F8
___awdiv@counter                   cstackCOMRAM 000005
___awdiv@dividend                  cstackCOMRAM 000001
___awdiv@divisor                   cstackCOMRAM 000003
___awdiv@quotient                  cstackCOMRAM 000007
___awdiv@sign                      cstackCOMRAM 000006
___heap_hi                         (abs)        000000
___heap_lo                         (abs)        000000
___inthi_sp                        stack        000000
___inthi_stack_hi                  stack        000000
___inthi_stack_lo                  stack        000000
___intlo_sp                        stack        000000
___intlo_stack_hi                  stack        000000
___intlo_stack_lo                  stack        000000
___lwdiv                           text3        0009CE
___lwdiv@counter                   cstackCOMRAM 000007
___lwdiv@dividend                  cstackCOMRAM 000001
___lwdiv@divisor                   cstackCOMRAM 000003
___lwdiv@quotient                  cstackCOMRAM 000005
___lwmod                           text2        000AAE
___lwmod@counter                   cstackCOMRAM 00000C
___lwmod@dividend                  cstackCOMRAM 000008
___lwmod@divisor                   cstackCOMRAM 00000A
___param_bank                      (abs)        000000
___rparam_used                     (abs)        000001
___sp                              stack        000000
___stack_hi                        stack        000000
___stack_lo                        stack        000000
__accesstop                        (abs)        000060
__activetblptr                     (abs)        000000
__end_of___awdiv                   text10       0007B8
__end_of___lwdiv                   text3        000A40
__end_of___lwmod                   text2        000B12
__end_of__initialization           cinit        000BE8
__end_of_can_transmit              text13       000AAE
__end_of_get_gear_pos              text11       0006F8
__end_of_get_speed                 text8        00095A
__end_of_init_adc                  text7        000C0A
__end_of_init_can                  text6        000B94
__end_of_init_config               text4        000C18
__end_of_init_digital_keypad       text5        000C20
__end_of_main                      text0        000860
__end_of_my_itoa                   text1        0008E2
__end_of_read_adc                  text9        000B58
__end_of_read_digital_keypad       text12       0009CE
__end_of_set_msg_id_std            text14       000BD0
__initialization                   cinit        000BD0
__mediumconst                      smallconst   000600
__pcinit                           cinit        000BD0
__pcstackCOMRAM                    cstackCOMRAM 000001
__pdataCOMRAM                      dataCOMRAM   000022
__pidataCOMRAM                     idataCOMRAM  000C20
__psmallconst                      smallconst   000600
__ptext0                           text0        0007B8
__ptext1                           text1        000860
__ptext10                          text10       0006F8
__ptext11                          text11       000602
__ptext12                          text12       00095A
__ptext13                          text13       000A40
__ptext14                          text14       000B94
__ptext2                           text2        000AAE
__ptext3                           text3        0009CE
__ptext4                           text4        000C0A
__ptext5                           text5        000C18
__ptext6                           text6        000B58
__ptext7                           text7        000BEE
__ptext8                           text8        0008E2
__ptext9                           text9        000B12
__ramtop                           ramtop       000600
__smallconst                       smallconst   000600
_can_transmit                      text13       000A40
_get_gear_pos                      text11       000602
_get_speed                         text8        0008E2
_init_adc                          text7        000BEE
_init_can                          text6        000B58
_init_config                       text4        000C0A
_init_digital_keypad               text5        000C18
_main                              text0        0007B8
_my_itoa                           text1        000860
_read_adc                          text9        000B12
_read_digital_keypad               text12       00095A
_set_msg_id_std                    text14       000B94
can_transmit@data                  cstackCOMRAM 000007
can_transmit@i                     cstackCOMRAM 00000E
can_transmit@len                   cstackCOMRAM 000008
can_transmit@msg_id                cstackCOMRAM 000005
can_transmit@ptr                   cstackCOMRAM 00000C
end_of_initialization              cinit        000BE8
get_gear_pos@gear                  dataCOMRAM   000022
get_gear_pos@key                   cstackCOMRAM 000002
get_speed@speed                    cstackCOMRAM 00000F
get_speed@value                    cstackCOMRAM 00000D
intlevel0                          text         000000
intlevel1                          text         000000
intlevel2                          text         000000
intlevel3                          text         000000
isa$std                            (abs)        000001
isa$xinst                          (abs)        000000
main@Gear                          cstackCOMRAM 000017
main@gear                          cstackCOMRAM 00001D
main@i                             cstackCOMRAM 00001E
main@i_229                         cstackCOMRAM 000020
main@speed                         cstackCOMRAM 00001B
main@str_speed                     cstackCOMRAM 000013
my_itoa@speed                      cstackCOMRAM 00000D
my_itoa@str_speed                  cstackCOMRAM 00000F
read_adc@channel                   cstackCOMRAM 000007
read_adc@reg_val                   cstackCOMRAM 000005
read_digital_keypad@detection_type cstackCOMRAM 000001
read_digital_keypad@once           dataCOMRAM   000023
set_msg_id_std@id                  cstackCOMRAM 000001
stackhi                            (abs)        000000
stacklo                            (abs)        000000
start                              init         002FFC
start_initialization               cinit        000BD0


MODULE INFORMATION

Module		Function		Class		Link	Load	Size
digital_keypad.c
		_init_digital_keypad		CODE           	0C18	0000	8
		_read_digital_keypad		CODE           	095A	0000	116

digital_keypad.c estimated size: 124

C:\Program Files\Microchip\xc8\v3.10\pic\sources\c99\common\lwmod.c
		___lwmod       		CODE           	0AAE	0000	100

C:\Program Files\Microchip\xc8\v3.10\pic\sources\c99\common\lwmod.c estimated size: 100

ecu1_main.c
		_main          		CODE           	07B8	0000	168
		_my_itoa       		CODE           	0860	0000	130
		_init_config   		CODE           	0C0A	0000	14

ecu1_main.c estimated size: 312

C:\Program Files\Microchip\xc8\v3.10\pic\sources\c99\common\lwdiv.c
		___lwdiv       		CODE           	09CE	0000	114

C:\Program Files\Microchip\xc8\v3.10\pic\sources\c99\common\lwdiv.c estimated size: 114

C:\Program Files\Microchip\xc8\v3.10\pic\sources\c99\common\awdiv.c
		___awdiv       		CODE           	06F8	0000	192

C:\Program Files\Microchip\xc8\v3.10\pic\sources\c99\common\awdiv.c estimated size: 192

adc.c
		_init_adc      		CODE           	0BEE	0000	28
		_read_adc      		CODE           	0B12	0000	70

adc.c estimated size: 98

shared
		__initialization		CODE           	0BD0	0000	24

shared estimated size: 24

ecu1_sensor.c
		_get_speed     		CODE           	08E2	0000	120
		_get_gear_pos  		CODE           	0602	0000	246

ecu1_sensor.c estimated size: 366

can.c
		_set_msg_id_std		CODE           	0B94	0000	60
		_can_transmit  		CODE           	0A40	0000	110
		_init_can      		CODE           	0B58	0000	60

can.c estimated size: 230

